Archive member included to satisfy reference by file (symbol)

/opt/st/stm32cubeide_1.19.0/plugins/com.st.stm32cube.ide.mcu.externaltools.gnu-tools-for-stm32.13.3.rel1.linux64_1.0.0.202410170706/tools/bin/../lib/gcc/arm-none-eabi/13.3.1/../../../../arm-none-eabi/lib/thumb/v7e-m+fp/hard/libc_nano.a(libc_a-exit.o)
                              /opt/st/stm32cubeide_1.19.0/plugins/com.st.stm32cube.ide.mcu.externaltools.gnu-tools-for-stm32.13.3.rel1.linux64_1.0.0.202410170706/tools/bin/../lib/gcc/arm-none-eabi/13.3.1/../../../../arm-none-eabi/lib/thumb/v7e-m+fp/hard/crt0.o (exit)
/opt/st/stm32cubeide_1.19.0/plugins/com.st.stm32cube.ide.mcu.externaltools.gnu-tools-for-stm32.13.3.rel1.linux64_1.0.0.202410170706/tools/bin/../lib/gcc/arm-none-eabi/13.3.1/../../../../arm-none-eabi/lib/thumb/v7e-m+fp/hard/libc_nano.a(libc_a-malloc.o)
                              ./Middlewares/ST/STM32_USB_Host_Library/Class/CDC/Src/usbh_cdc.o (malloc)
/opt/st/stm32cubeide_1.19.0/plugins/com.st.stm32cube.ide.mcu.externaltools.gnu-tools-for-stm32.13.3.rel1.linux64_1.0.0.202410170706/tools/bin/../lib/gcc/arm-none-eabi/13.3.1/../../../../arm-none-eabi/lib/thumb/v7e-m+fp/hard/libc_nano.a(libc_a-mallocr.o)
                              /opt/st/stm32cubeide_1.19.0/plugins/com.st.stm32cube.ide.mcu.externaltools.gnu-tools-for-stm32.13.3.rel1.linux64_1.0.0.202410170706/tools/bin/../lib/gcc/arm-none-eabi/13.3.1/../../../../arm-none-eabi/lib/thumb/v7e-m+fp/hard/libc_nano.a(libc_a-malloc.o) (_malloc_r)
/opt/st/stm32cubeide_1.19.0/plugins/com.st.stm32cube.ide.mcu.externaltools.gnu-tools-for-stm32.13.3.rel1.linux64_1.0.0.202410170706/tools/bin/../lib/gcc/arm-none-eabi/13.3.1/../../../../arm-none-eabi/lib/thumb/v7e-m+fp/hard/libc_nano.a(libc_a-mlock.o)
                              /opt/st/stm32cubeide_1.19.0/plugins/com.st.stm32cube.ide.mcu.externaltools.gnu-tools-for-stm32.13.3.rel1.linux64_1.0.0.202410170706/tools/bin/../lib/gcc/arm-none-eabi/13.3.1/../../../../arm-none-eabi/lib/thumb/v7e-m+fp/hard/libc_nano.a(libc_a-mallocr.o) (__malloc_lock)
/opt/st/stm32cubeide_1.19.0/plugins/com.st.stm32cube.ide.mcu.externaltools.gnu-tools-for-stm32.13.3.rel1.linux64_1.0.0.202410170706/tools/bin/../lib/gcc/arm-none-eabi/13.3.1/../../../../arm-none-eabi/lib/thumb/v7e-m+fp/hard/libc_nano.a(libc_a-findfp.o)
                              /opt/st/stm32cubeide_1.19.0/plugins/com.st.stm32cube.ide.mcu.externaltools.gnu-tools-for-stm32.13.3.rel1.linux64_1.0.0.202410170706/tools/bin/../lib/gcc/arm-none-eabi/13.3.1/../../../../arm-none-eabi/lib/thumb/v7e-m+fp/hard/libc_nano.a(libc_a-exit.o) (__stdio_exit_handler)
/opt/st/stm32cubeide_1.19.0/plugins/com.st.stm32cube.ide.mcu.externaltools.gnu-tools-for-stm32.13.3.rel1.linux64_1.0.0.202410170706/tools/bin/../lib/gcc/arm-none-eabi/13.3.1/../../../../arm-none-eabi/lib/thumb/v7e-m+fp/hard/libc_nano.a(libc_a-fwalk.o)
                              /opt/st/stm32cubeide_1.19.0/plugins/com.st.stm32cube.ide.mcu.externaltools.gnu-tools-for-stm32.13.3.rel1.linux64_1.0.0.202410170706/tools/bin/../lib/gcc/arm-none-eabi/13.3.1/../../../../arm-none-eabi/lib/thumb/v7e-m+fp/hard/libc_nano.a(libc_a-findfp.o) (_fwalk_sglue)
/opt/st/stm32cubeide_1.19.0/plugins/com.st.stm32cube.ide.mcu.externaltools.gnu-tools-for-stm32.13.3.rel1.linux64_1.0.0.202410170706/tools/bin/../lib/gcc/arm-none-eabi/13.3.1/../../../../arm-none-eabi/lib/thumb/v7e-m+fp/hard/libc_nano.a(libc_a-stdio.o)
                              /opt/st/stm32cubeide_1.19.0/plugins/com.st.stm32cube.ide.mcu.externaltools.gnu-tools-for-stm32.13.3.rel1.linux64_1.0.0.202410170706/tools/bin/../lib/gcc/arm-none-eabi/13.3.1/../../../../arm-none-eabi/lib/thumb/v7e-m+fp/hard/libc_nano.a(libc_a-findfp.o) (__sread)
/opt/st/stm32cubeide_1.19.0/plugins/com.st.stm32cube.ide.mcu.externaltools.gnu-tools-for-stm32.13.3.rel1.linux64_1.0.0.202410170706/tools/bin/../lib/gcc/arm-none-eabi/13.3.1/../../../../arm-none-eabi/lib/thumb/v7e-m+fp/hard/libc_nano.a(libc_a-memset.o)
                              /opt/st/stm32cubeide_1.19.0/plugins/com.st.stm32cube.ide.mcu.externaltools.gnu-tools-for-stm32.13.3.rel1.linux64_1.0.0.202410170706/tools/bin/../lib/gcc/arm-none-eabi/13.3.1/../../../../arm-none-eabi/lib/thumb/v7e-m+fp/hard/crt0.o (memset)
/opt/st/stm32cubeide_1.19.0/plugins/com.st.stm32cube.ide.mcu.externaltools.gnu-tools-for-stm32.13.3.rel1.linux64_1.0.0.202410170706/tools/bin/../lib/gcc/arm-none-eabi/13.3.1/../../../../arm-none-eabi/lib/thumb/v7e-m+fp/hard/libc_nano.a(libc_a-closer.o)
                              /opt/st/stm32cubeide_1.19.0/plugins/com.st.stm32cube.ide.mcu.externaltools.gnu-tools-for-stm32.13.3.rel1.linux64_1.0.0.202410170706/tools/bin/../lib/gcc/arm-none-eabi/13.3.1/../../../../arm-none-eabi/lib/thumb/v7e-m+fp/hard/libc_nano.a(libc_a-stdio.o) (_close_r)
[...]
Memory Configuration

Name             Origin             Length             Attributes
CCMRAM           0x10000000         0x00010000         xrw
RAM              0x20000000         0x00030000         xrw
FLASH            0x08000000         0x00200000         xr
*default*        0x00000000         0xffffffff

Linker script and memory map

LOAD /opt/st/stm32cubeide_1.19.0/plugins/com.st.stm32cube.ide.mcu.externaltools.gnu-tools-for-stm32.13.3.rel1.linux64_1.0.0.202410170706/tools/bin/../lib/gcc/arm-none-eabi/13.3.1/thumb/v7e-m+fp/hard/crti.o
LOAD /opt/st/stm32cubeide_1.19.0/plugins/com.st.stm32cube.ide.mcu.externaltools.gnu-tools-for-stm32.13.3.rel1.linux64_1.0.0.202410170706/tools/bin/../lib/gcc/arm-none-eabi/13.3.1/thumb/v7e-m+fp/hard/crtbegin.o
LOAD /opt/st/stm32cubeide_1.19.0/plugins/com.st.stm32cube.ide.mcu.externaltools.gnu-tools-for-stm32.13.3.rel1.linux64_1.0.0.202410170706/tools/bin/../lib/gcc/arm-none-eabi/13.3.1/../../../../arm-none-eabi/lib/thumb/v7e-m+fp/hard/crt0.o
LOAD ./Core/Src/freertos.o
LOAD ./Core/Src/function.o
LOAD ./Core/Src/main.o
LOAD ./Core/Src/stm32f4xx_hal_msp.o
LOAD ./Core/Src/stm32f4xx_hal_timebase_tim.o
LOAD ./Core/Src/syscalls.o
LOAD ./Core/Src/sysmem.o
LOAD ./Core/Src/system_stm32f4xx.o
LOAD ./Core/Startup/startup_stm32f429zitx.o
LOAD ./Drivers/STM32F4xx_HAL_Driver/Src/stm32f4xx_hal.o
LOAD ./Drivers/STM32F4xx_HAL_Driver/Src/stm32f4xx_hal_cortex.o
LOAD ./Drivers/STM32F4xx_HAL_Driver/Src/stm32f4xx_hal_crc.o
LOAD ./Drivers/STM32F4xx_HAL_Driver/Src/stm32f4xx_hal_dma.o
LOAD ./Drivers/STM32F4xx_HAL_Driver/Src/stm32f4xx_hal_dma2d.o
LOAD ./Drivers/STM32F4xx_HAL_Driver/Src/stm32f4xx_hal_dma_ex.o
LOAD ./Drivers/STM32F4xx_HAL_Driver/Src/stm32f4xx_hal_dsi.o
LOAD ./Drivers/STM32F4xx_HAL_Driver/Src/stm32f4xx_hal_exti.o
LOAD ./Drivers/STM32F4xx_HAL_Driver/Src/stm32f4xx_hal_flash.o
LOAD ./Drivers/STM32F4xx_HAL_Driver/Src/stm32f4xx_hal_flash_ex.o
LOAD ./Drivers/STM32F4xx_HAL_Driver/Src/stm32f4xx_hal_flash_ramfunc.o
LOAD ./Drivers/STM32F4xx_HAL_Driver/Src/stm32f4xx_hal_gpio.o
LOAD ./Drivers/STM32F4xx_HAL_Driver/Src/stm32f4xx_hal_hcd.o
LOAD ./Drivers/STM32F4xx_HAL_Driver/Src/stm32f4xx_hal_i2c.o
LOAD ./Drivers/STM32F4xx_HAL_Driver/Src/stm32f4xx_hal_i2c_ex.o
LOAD ./Drivers/STM32F4xx_HAL_Driver/Src/stm32f4xx_hal_ltdc.o
LOAD ./Drivers/STM32F4xx_HAL_Driver/Src/stm32f4xx_hal_ltdc_ex.o
LOAD ./Drivers/STM32F4xx_HAL_Driver/Src/stm32f4xx_hal_nand.o
LOAD ./Drivers/STM32F4xx_HAL_Driver/Src/stm32f4xx_hal_nor.o
LOAD ./Drivers/STM32F4xx_HAL_Driver/Src/stm32f4xx_hal_pccard.o
LOAD ./Drivers/STM32F4xx_HAL_Driver/Src/stm32f4xx_hal_pwr.o
LOAD ./Drivers/STM32F4xx_HAL_Driver/Src/stm32f4xx_hal_pwr_ex.o
LOAD ./Drivers/STM32F4xx_HAL_Driver/Src/stm32f4xx_hal_rcc.o
LOAD ./Drivers/STM32F4xx_HAL_Driver/Src/stm32f4xx_hal_rcc_ex.o
LOAD ./Drivers/STM32F4xx_HAL_Driver/Src/stm32f4xx_hal_sdram.o
LOAD ./Drivers/STM32F4xx_HAL_Driver/Src/stm32f4xx_hal_spi.o
LOAD ./Drivers/STM32F4xx_HAL_Driver/Src/stm32f4xx_hal_sram.o
LOAD ./Drivers/STM32F4xx_HAL_Driver/Src/stm32f4xx_hal_tim.o
LOAD ./Drivers/STM32F4xx_HAL_Driver/Src/stm32f4xx_hal_tim_ex.o
LOAD ./Drivers/STM32F4xx_HAL_Driver/Src/stm32f4xx_hal_uart.o
LOAD ./Drivers/STM32F4xx_HAL_Driver/Src/stm32f4xx_ll_fmc.o
LOAD ./Drivers/STM32F4xx_HAL_Driver/Src/stm32f4xx_ll_usb.o
LOAD ./Middlewares/ST/STM32_USB_Host_Library/Class/CDC/Src/usbh_cdc.o
LOAD ./Middlewares/ST/STM32_USB_Host_Library/Core/Src/usbh_core.o
LOAD ./Middlewares/ST/STM32_USB_Host_Library/Core/Src/usbh_ctlreq.o
LOAD ./Middlewares/ST/STM32_USB_Host_Library/Core/Src/usbh_ioreq.o
LOAD ./Middlewares/ST/STM32_USB_Host_Library/Core/Src/usbh_pipes.o
LOAD ./Middlewares/Third_Party/FreeRTOS/Source/CMSIS_RTOS/cmsis_os.o
LOAD ./Middlewares/Third_Party/FreeRTOS/Source/croutine.o
LOAD ./Middlewares/Third_Party/FreeRTOS/Source/event_groups.o
LOAD ./Middlewares/Third_Party/FreeRTOS/Source/list.o
LOAD ./Middlewares/Third_Party/FreeRTOS/Source/queue.o
LOAD ./Middlewares/Third_Party/FreeRTOS/Source/stream_buffer.o
LOAD ./Middlewares/Third_Party/FreeRTOS/Source/tasks.o
LOAD ./Middlewares/Third_Party/FreeRTOS/Source/timers.o
LOAD ./Middlewares/Third_Party/FreeRTOS/Source/portable/GCC/ARM_CM4F/port.o
LOAD ./Middlewares/Third_Party/FreeRTOS/Source/portable/MemMang/heap_4.o
LOAD ./USB_HOST/App/usb_host.o
LOAD ./USB_HOST/Target/usbh_conf.o
LOAD ./USB_HOST/Target/usbh_platform.o
START GROUP
LOAD /opt/st/stm32cubeide_1.19.0/plugins/com.st.stm32cube.ide.mcu.externaltools.gnu-tools-for-stm32.13.3.rel1.linux64_1.0.0.202410170706/tools/bin/../lib/gcc/arm-none-eabi/13.3.1/../../../../arm-none-eabi/lib/thumb/v7e-m+fp/hard/libc_nano.a
LOAD /opt/st/stm32cubeide_1.19.0/plugins/com.st.stm32cube.ide.mcu.externaltools.gnu-tools-for-stm32.13.3.rel1.linux64_1.0.0.202410170706/tools/bin/../lib/gcc/arm-none-eabi/13.3.1/../../../../arm-none-eabi/lib/thumb/v7e-m+fp/hard/libm.a
END GROUP
START GROUP
LOAD /opt/st/stm32cubeide_1.19.0/plugins/com.st.stm32cube.ide.mcu.externaltools.gnu-tools-for-stm32.13.3.rel1.linux64_1.0.0.202410170706/tools/bin/../lib/gcc/arm-none-eabi/13.3.1/thumb/v7e-m+fp/hard/libgcc.a
LOAD /opt/st/stm32cubeide_1.19.0/plugins/com.st.stm32cube.ide.mcu.externaltools.gnu-tools-for-stm32.13.3.rel1.linux64_1.0.0.202410170706/tools/bin/../lib/gcc/arm-none-eabi/13.3.1/../../../../arm-none-eabi/lib/thumb/v7e-m+fp/hard/libc_nano.a
END GROUP
START GROUP
LOAD /opt/st/stm32cubeide_1.19.0/plugins/com.st.stm32cube.ide.mcu.externaltools.gnu-tools-for-stm32.13.3.rel1.linux64_1.0.0.202410170706/tools/bin/../lib/gcc/arm-none-eabi/13.3.1/thumb/v7e-m+fp/hard/libgcc.a
LOAD /opt/st/stm32cubeide_1.19.0/plugins/com.st.stm32cube.ide.mcu.externaltools.gnu-tools-for-stm32.13.3.rel1.linux64_1.0.0.202410170706/tools/bin/../lib/gcc/arm-none-eabi/13.3.1/../../../../arm-none-eabi/lib/thumb/v7e-m+fp/hard/libc_nano.a
LOAD /opt/st/stm32cubeide_1.19.0/plugins/com.st.stm32cube.ide.mcu.externaltools.gnu-tools-for-stm32.13.3.rel1.linux64_1.0.0.202410170706/tools/bin/../lib/gcc/arm-none-eabi/13.3.1/../../../../arm-none-eabi/lib/thumb/v7e-m+fp/hard/libnosys.a
END GROUP
START GROUP
LOAD /opt/st/stm32cubeide_1.19.0/plugins/com.st.stm32cube.ide.mcu.externaltools.gnu-tools-for-stm32.13.3.rel1.linux64_1.0.0.202410170706/tools/bin/../lib/gcc/arm-none-eabi/13.3.1/thumb/v7e-m+fp/hard/libgcc.a
LOAD /opt/st/stm32cubeide_1.19.0/plugins/com.st.stm32cube.ide.mcu.externaltools.gnu-tools-for-stm32.13.3.rel1.linux64_1.0.0.202410170706/tools/bin/../lib/gcc/arm-none-eabi/13.3.1/../../../../arm-none-eabi/lib/thumb/v7e-m+fp/hard/libc_nano.a
LOAD /opt/st/stm32cubeide_1.19.0/plugins/com.st.stm32cube.ide.mcu.externaltools.gnu-tools-for-stm32.13.3.rel1.linux64_1.0.0.202410170706/tools/bin/../lib/gcc/arm-none-eabi/13.3.1/../../../../arm-none-eabi/lib/thumb/v7e-m+fp/hard/libnosys.a
END GROUP
LOAD /opt/st/stm32cubeide_1.19.0/plugins/com.st.stm32cube.ide.mcu.externaltools.gnu-tools-for-stm32.13.3.rel1.linux64_1.0.0.202410170706/tools/bin/../lib/gcc/arm-none-eabi/13.3.1/thumb/v7e-m+fp/hard/crtend.o
LOAD /opt/st/stm32cubeide_1.19.0/plugins/com.st.stm32cube.ide.mcu.externaltools.gnu-tools-for-stm32.13.3.rel1.linux64_1.0.0.202410170706/tools/bin/../lib/gcc/arm-none-eabi/13.3.1/thumb/v7e-m+fp/hard/crtn.o
                0x20030000                        _estack = (ORIGIN (RAM) + LENGTH (RAM))
                0x00000200                        _Min_Heap_Size = 0x200
                0x00000400                        _Min_Stack_Size = 0x400

.isr_vector     0x08000000      0x1ac
                0x08000000                        . = ALIGN (0x4)
 *(.isr_vector)
 .isr_vector    0x08000000      0x1ac ./Core/Startup/startup_stm32f429zitx.o
                0x08000000                g_pfnVectors
                0x080001ac                        . = ALIGN (0x4)

.text           0x080001b0      0x6bc
                0x080001b0                        . = ALIGN (0x4)
 *(.text)
 .text          0x080001b0       0x40 /opt/st/stm32cubeide_1.19.0/plugins/com.st.stm32cube.ide.mcu.externaltools.gnu-tools-for-stm32.13.3.rel1.linux64_1.0.0.202410170706/tools/bin/../lib/gcc/arm-none-eabi/13.3.1/thumb/v7e-m+fp/hard/crtbegin.o
 *(.text*)
 .text.vApplicationStackOverflowHook
                0x080001f0       0x16 ./Core/Src/freertos.o
                0x080001f0                vApplicationStackOverflowHook
 *fill*         0x08000206        0x2 
 .text.SPI_INIT
                0x08000208       0xf0 ./Core/Src/function.o
                0x08000208                SPI_INIT
 .text.spi_transmit
                0x080002f8       0x58 ./Core/Src/function.o
                0x080002f8                spi_transmit
 .text.main     0x08000350       0x12 ./Core/Src/main.o
                0x08000350                main
 *fill*         0x08000362        0x2 
 .text.SystemInit
                0x08000364       0x24 ./Core/Src/system_stm32f4xx.o
                0x08000364                SystemInit
 .text.Reset_Handler
                0x08000388       0x50 ./Core/Startup/startup_stm32f429zitx.o
                0x08000388                Reset_Handler
 .text.Default_Handler
                0x080003d8        0x2 ./Core/Startup/startup_stm32f429zitx.o
                0x080003d8                RTC_Alarm_IRQHandler
                0x080003d8                HASH_RNG_IRQHandler
                0x080003d8                EXTI2_IRQHandler
                0x080003d8                TIM8_CC_IRQHandler
                0x080003d8                DebugMon_Handler
                0x080003d8                UART8_IRQHandler
                0x080003d8                SPI4_IRQHandler
                0x080003d8                TIM1_CC_IRQHandler
                0x080003d8                DMA2_Stream5_IRQHandler
                0x080003d8                HardFault_Handler
                0x080003d8                DMA1_Stream5_IRQHandler
                0x080003d8                PVD_IRQHandler
                0x080003d8                SDIO_IRQHandler
                0x080003d8                TAMP_STAMP_IRQHandler
                0x080003d8                NMI_Handler
                0x080003d8                CAN2_RX1_IRQHandler
                0x080003d8                EXTI3_IRQHandler
                0x080003d8                TIM8_TRG_COM_TIM14_IRQHandler
                0x080003d8                TIM1_UP_TIM10_IRQHandler
                0x080003d8                TIM8_UP_TIM13_IRQHandler
                0x080003d8                I2C3_ER_IRQHandler
                0x080003d8                EXTI0_IRQHandler
                0x080003d8                I2C2_EV_IRQHandler
                0x080003d8                DMA1_Stream2_IRQHandler
                0x080003d8                CAN1_RX0_IRQHandler
                0x080003d8                FPU_IRQHandler
                0x080003d8                OTG_HS_WKUP_IRQHandler
                0x080003d8                UsageFault_Handler
                0x080003d8                LTDC_ER_IRQHandler
                0x080003d8                CAN2_SCE_IRQHandler
                0x080003d8                DMA2_Stream2_IRQHandler
                0x080003d8                SPI1_IRQHandler
                0x080003d8                TIM6_DAC_IRQHandler
                0x080003d8                TIM1_BRK_TIM9_IRQHandler
                0x080003d8                DCMI_IRQHandler
                0x080003d8                CAN2_RX0_IRQHandler
                0x080003d8                DMA2_Stream3_IRQHandler
                0x080003d8                USART6_IRQHandler
                0x080003d8                USART3_IRQHandler
                0x080003d8                CAN1_RX1_IRQHandler
                0x080003d8                UART5_IRQHandler
                0x080003d8                DMA2_Stream0_IRQHandler
                0x080003d8                TIM4_IRQHandler
                0x080003d8                I2C1_EV_IRQHandler
                0x080003d8                DMA1_Stream6_IRQHandler
                0x080003d8                DMA1_Stream1_IRQHandler
                0x080003d8                UART4_IRQHandler
                0x080003d8                TIM3_IRQHandler
                0x080003d8                RCC_IRQHandler
                0x080003d8                TIM8_BRK_TIM12_IRQHandler
                0x080003d8                Default_Handler
                0x080003d8                EXTI15_10_IRQHandler
                0x080003d8                ADC_IRQHandler
                0x080003d8                DMA1_Stream7_IRQHandler
                0x080003d8                SPI5_IRQHandler
                0x080003d8                TIM7_IRQHandler
                0x080003d8                CAN2_TX_IRQHandler
                0x080003d8                TIM5_IRQHandler
                0x080003d8                DMA2_Stream7_IRQHandler
                0x080003d8                I2C3_EV_IRQHandler
                0x080003d8                EXTI9_5_IRQHandler
                0x080003d8                RTC_WKUP_IRQHandler
                0x080003d8                LTDC_IRQHandler
                0x080003d8                ETH_WKUP_IRQHandler
                0x080003d8                SPI2_IRQHandler
                0x080003d8                OTG_HS_EP1_IN_IRQHandler
                0x080003d8                MemManage_Handler
                0x080003d8                DMA1_Stream0_IRQHandler
                0x080003d8                CAN1_TX_IRQHandler
                0x080003d8                EXTI4_IRQHandler
                0x080003d8                ETH_IRQHandler
                0x080003d8                OTG_HS_EP1_OUT_IRQHandler
                0x080003d8                WWDG_IRQHandler
                0x080003d8                SPI6_IRQHandler
                0x080003d8                TIM2_IRQHandler
                0x080003d8                OTG_FS_WKUP_IRQHandler
                0x080003d8                TIM1_TRG_COM_TIM11_IRQHandler
                0x080003d8                OTG_HS_IRQHandler
                0x080003d8                DMA2D_IRQHandler
                0x080003d8                EXTI1_IRQHandler
                0x080003d8                UART7_IRQHandler
                0x080003d8                USART2_IRQHandler
                0x080003d8                I2C2_ER_IRQHandler
                0x080003d8                DMA2_Stream1_IRQHandler
                0x080003d8                CAN1_SCE_IRQHandler
                0x080003d8                FLASH_IRQHandler
                0x080003d8                DMA2_Stream4_IRQHandler
                0x080003d8                BusFault_Handler
                0x080003d8                USART1_IRQHandler
                0x080003d8                OTG_FS_IRQHandler
                0x080003d8                SPI3_IRQHandler
                0x080003d8                DMA1_Stream4_IRQHandler
                0x080003d8                I2C1_ER_IRQHandler
                0x080003d8                FMC_IRQHandler
                0x080003d8                DMA2_Stream6_IRQHandler
                0x080003d8                SAI1_IRQHandler
                0x080003d8                DMA1_Stream3_IRQHandler
 .text.vListInsertEnd
                0x080003da       0x48 ./Middlewares/Third_Party/FreeRTOS/Source/list.o
                0x080003da                vListInsertEnd
 .text.uxListRemove
                0x08000422       0x54 ./Middlewares/Third_Party/FreeRTOS/Source/list.o
                0x08000422                uxListRemove
 *fill*         0x08000476        0x2 
 .text.xTaskIncrementTick
                0x08000478      0x174 ./Middlewares/Third_Party/FreeRTOS/Source/tasks.o
                0x08000478                xTaskIncrementTick
 .text.vTaskSwitchContext
                0x080005ec      0x104 ./Middlewares/Third_Party/FreeRTOS/Source/tasks.o
                0x080005ec                vTaskSwitchContext
 .text.prvResetNextTaskUnblockTime
                0x080006f0       0x40 ./Middlewares/Third_Party/FreeRTOS/Source/tasks.o
 .text.SVC_Handler
                0x08000730       0x28 ./Middlewares/Third_Party/FreeRTOS/Source/portable/GCC/ARM_CM4F/port.o
                0x08000730                SVC_Handler
 *fill*         0x08000758        0x8 
 .text.PendSV_Handler
                0x08000760       0x68 ./Middlewares/Third_Party/FreeRTOS/Source/portable/GCC/ARM_CM4F/port.o
                0x08000760                PendSV_Handler
 .text.SysTick_Handler
                0x080007c8       0x44 ./Middlewares/Third_Party/FreeRTOS/Source/portable/GCC/ARM_CM4F/port.o
                0x080007c8                SysTick_Handler
 .text.__libc_init_array
                0x0800080c       0x48 /opt/st/stm32cubeide_1.19.0/plugins/com.st.stm32cube.ide.mcu.externaltools.gnu-tools-for-stm32.13.3.rel1.linux64_1.0.0.202410170706/tools/bin/../lib/gcc/arm-none-eabi/13.3.1/../../../../arm-none-eabi/lib/thumb/v7e-m+fp/hard/libc_nano.a(libc_a-init.o)
                0x0800080c                __libc_init_array
 *(.glue_7)
 .glue_7        0x08000854        0x0 linker stubs
 *(.glue_7t)
 .glue_7t       0x08000854        0x0 linker stubs
 *(.eh_frame)
 .eh_frame      0x08000854        0x0 /opt/st/stm32cubeide_1.19.0/plugins/com.st.stm32cube.ide.mcu.externaltools.gnu-tools-for-stm32.13.3.rel1.linux64_1.0.0.202410170706/tools/bin/../lib/gcc/arm-none-eabi/13.3.1/thumb/v7e-m+fp/hard/crtbegin.o
 *(.init)
 .init          0x08000854        0x4 /opt/st/stm32cubeide_1.19.0/plugins/com.st.stm32cube.ide.mcu.externaltools.gnu-tools-for-stm32.13.3.rel1.linux64_1.0.0.202410170706/tools/bin/../lib/gcc/arm-none-eabi/13.3.1/thumb/v7e-m+fp/hard/crti.o
                0x08000854                _init
 .init          0x08000858        0x8 /opt/st/stm32cubeide_1.19.0/plugins/com.st.stm32cube.ide.mcu.externaltools.gnu-tools-for-stm32.13.3.rel1.linux64_1.0.0.202410170706/tools/bin/../lib/gcc/arm-none-eabi/13.3.1/thumb/v7e-m+fp/hard/crtn.o
 *(.fini)
 .fini          0x08000860        0x4 /opt/st/stm32cubeide_1.19.0/plugins/com.st.stm32cube.ide.mcu.externaltools.gnu-tools-for-stm32.13.3.rel1.linux64_1.0.0.202410170706/tools/bin/../lib/gcc/arm-none-eabi/13.3.1/thumb/v7e-m+fp/hard/crti.o
                0x08000860                _fini
 .fini          0x08000864        0x8 /opt/st/stm32cubeide_1.19.0/plugins/com.st.stm32cube.ide.mcu.externaltools.gnu-tools-for-stm32.13.3.rel1.linux64_1.0.0.202410170706/tools/bin/../lib/gcc/arm-none-eabi/13.3.1/thumb/v7e-m+fp/hard/crtn.o
                0x0800086c                        . = ALIGN (0x4)
                0x0800086c                        _etext = .

.vfp11_veneer   0x0800086c        0x0
 .vfp11_veneer  0x0800086c        0x0 linker stubs

.v4_bx          0x0800086c        0x0
 .v4_bx         0x0800086c        0x0 linker stubs

.iplt           0x0800086c        0x0
 .iplt          0x0800086c        0x0 /opt/st/stm32cubeide_1.19.0/plugins/com.st.stm32cube.ide.mcu.externaltools.gnu-tools-for-stm32.13.3.rel1.linux64_1.0.0.202410170706/tools/bin/../lib/gcc/arm-none-eabi/13.3.1/thumb/v7e-m+fp/hard/crtbegin.o

.rodata         0x0800086c        0x0
                0x0800086c                        . = ALIGN (0x4)
 *(.rodata)
 *(.rodata*)
                0x0800086c                        . = ALIGN (0x4)

.ARM.extab      0x0800086c        0x0
                0x0800086c                        . = ALIGN (0x4)
 *(.ARM.extab* .gnu.linkonce.armextab.*)
                0x0800086c                        . = ALIGN (0x4)

.ARM            0x0800086c        0x0
                0x0800086c                        . = ALIGN (0x4)
                0x0800086c                        __exidx_start = .
 *(.ARM.exidx*)
                0x0800086c                        __exidx_end = .
                0x0800086c                        . = ALIGN (0x4)

.preinit_array  0x0800086c        0x0
                0x0800086c                        . = ALIGN (0x4)
                0x0800086c                        PROVIDE (__preinit_array_start = .)
 *(.preinit_array*)
                0x0800086c                        PROVIDE (__preinit_array_end = .)
                0x0800086c                        . = ALIGN (0x4)

.init_array     0x0800086c        0x4
                0x0800086c                        . = ALIGN (0x4)
                0x0800086c                        PROVIDE (__init_array_start = .)
 *(SORT_BY_NAME(.init_array.*))
 *(.init_array*)
 .init_array    0x0800086c        0x4 /opt/st/stm32cubeide_1.19.0/plugins/com.st.stm32cube.ide.mcu.externaltools.gnu-tools-for-stm32.13.3.rel1.linux64_1.0.0.202410170706/tools/bin/../lib/gcc/arm-none-eabi/13.3.1/thumb/v7e-m+fp/hard/crtbegin.o
                0x08000870                        PROVIDE (__init_array_end = .)
                0x08000870                        . = ALIGN (0x4)

.fini_array     0x08000870        0x4
                0x08000870                        . = ALIGN (0x4)
                [!provide]                        PROVIDE (__fini_array_start = .)
 *(SORT_BY_NAME(.fini_array.*))
 *(.fini_array*)
 .fini_array    0x08000870        0x4 /opt/st/stm32cubeide_1.19.0/plugins/com.st.stm32cube.ide.mcu.externaltools.gnu-tools-for-stm32.13.3.rel1.linux64_1.0.0.202410170706/tools/bin/../lib/gcc/arm-none-eabi/13.3.1/thumb/v7e-m+fp/hard/crtbegin.o
                [!provide]                        PROVIDE (__fini_array_end = .)
                0x08000874                        . = ALIGN (0x4)
                0x08000874                        _sidata = LOADADDR (.data)

.rel.dyn        0x08000874        0x0
 .rel.iplt      0x08000874        0x0 /opt/st/stm32cubeide_1.19.0/plugins/com.st.stm32cube.ide.mcu.externaltools.gnu-tools-for-stm32.13.3.rel1.linux64_1.0.0.202410170706/tools/bin/../lib/gcc/arm-none-eabi/13.3.1/thumb/v7e-m+fp/hard/crtbegin.o

.data           0x20000000        0x0 load address 0x08000874
                0x20000000                        . = ALIGN (0x4)
                0x20000000                        _sdata = .
 *(.data)
 *(.data*)
 *(.RamFunc)
 *(.RamFunc*)
                0x20000000                        . = ALIGN (0x4)
                0x20000000                        _edata = .
                0x08000874                        _siccmram = LOADADDR (.ccmram)

.igot.plt       0x20000000        0x0 load address 0x08000874
 .igot.plt      0x20000000        0x0 /opt/st/stm32cubeide_1.19.0/plugins/com.st.stm32cube.ide.mcu.externaltools.gnu-tools-for-stm32.13.3.rel1.linux64_1.0.0.202410170706/tools/bin/../lib/gcc/arm-none-eabi/13.3.1/thumb/v7e-m+fp/hard/crtbegin.o

.ccmram         0x10000000        0x0 load address 0x08000874
                0x10000000                        . = ALIGN (0x4)
                0x10000000                        _sccmram = .
 *(.ccmram)
 *(.ccmram*)
                0x10000000                        . = ALIGN (0x4)
                0x10000000                        _eccmram = .
                0x10000000                        . = ALIGN (0x4)

.bss            0x20000000       0xd0
                0x20000000                        _sbss = .
                0x20000000                        __bss_start__ = _sbss
 *(.bss)
 .bss           0x20000000       0x1c /opt/st/stm32cubeide_1.19.0/plugins/com.st.stm32cube.ide.mcu.externaltools.gnu-tools-for-stm32.13.3.rel1.linux64_1.0.0.202410170706/tools/bin/../lib/gcc/arm-none-eabi/13.3.1/thumb/v7e-m+fp/hard/crtbegin.o
 *(.bss*)
 .bss.pxCurrentTCB
                0x2000001c        0x4 ./Middlewares/Third_Party/FreeRTOS/Source/tasks.o
                0x2000001c                pxCurrentTCB
 .bss.pxReadyTasksLists
                0x20000020       0x8c ./Middlewares/Third_Party/FreeRTOS/Source/tasks.o
 .bss.pxDelayedTaskList
                0x200000ac        0x4 ./Middlewares/Third_Party/FreeRTOS/Source/tasks.o
 .bss.pxOverflowDelayedTaskList
                0x200000b0        0x4 ./Middlewares/Third_Party/FreeRTOS/Source/tasks.o
 .bss.xTickCount
                0x200000b4        0x4 ./Middlewares/Third_Party/FreeRTOS/Source/tasks.o
 .bss.uxTopReadyPriority
                0x200000b8        0x4 ./Middlewares/Third_Party/FreeRTOS/Source/tasks.o
 .bss.xPendedTicks
                0x200000bc        0x4 ./Middlewares/Third_Party/FreeRTOS/Source/tasks.o
 .bss.xYieldPending
                0x200000c0        0x4 ./Middlewares/Third_Party/FreeRTOS/Source/tasks.o
 .bss.xNumOfOverflows
                0x200000c4        0x4 ./Middlewares/Third_Party/FreeRTOS/Source/tasks.o
 .bss.xNextTaskUnblockTime
                0x200000c8        0x4 ./Middlewares/Third_Party/FreeRTOS/Source/tasks.o
 .bss.uxSchedulerSuspended
                0x200000cc        0x4 ./Middlewares/Third_Party/FreeRTOS/Source/tasks.o
 *(COMMON)
                0x200000d0                        . = ALIGN (0x4)
                0x200000d0                        _ebss = .
                0x200000d0                        __bss_end__ = _ebss

._user_heap_stack
                0x200000d0      0x600
                0x200000d0                        . = ALIGN (0x8)
                [!provide]                        PROVIDE (end = .)
                0x200000d0                        PROVIDE (_end = .)
                0x200002d0                        . = (. + _Min_Heap_Size)
 *fill*         0x200000d0      0x200 
                0x200006d0                        . = (. + _Min_Stack_Size)
 *fill*         0x200002d0      0x400 
                0x200006d0                        . = ALIGN (0x8)

/DISCARD/
 libc.a(*)
 libm.a(*)
 libgcc.a(*)

.ARM.attributes
                0x00000000       0x30
 *(.ARM.attributes)
 .ARM.attributes
                0x00000000       0x22 /opt/st/stm32cubeide_1.19.0/plugins/com.st.stm32cube.ide.mcu.externaltools.gnu-tools-for-stm32.13.3.rel1.linux64_1.0.0.202410170706/tools/bin/../lib/gcc/arm-none-eabi/13.3.1/thumb/v7e-m+fp/hard/crti.o
 .ARM.attributes
                0x00000022       0x34 /opt/st/stm32cubeide_1.19.0/plugins/com.st.stm32cube.ide.mcu.externaltools.gnu-tools-for-stm32.13.3.rel1.linux64_1.0.0.202410170706/tools/bin/../lib/gcc/arm-none-eabi/13.3.1/thumb/v7e-m+fp/hard/crtbegin.o
 .ARM.attributes
                0x00000056       0x34 ./Core/Src/freertos.o
 .ARM.attributes
                0x0000008a       0x34 ./Core/Src/function.o
 .ARM.attributes
                0x000000be       0x34 ./Core/Src/main.o
 .ARM.attributes
                0x000000f2       0x34 ./Core/Src/system_stm32f4xx.o
 .ARM.attributes
                0x00000126       0x21 ./Core/Startup/startup_stm32f429zitx.o
 .ARM.attributes
                0x00000147       0x34 ./Middlewares/Third_Party/FreeRTOS/Source/list.o
 .ARM.attributes
                0x0000017b       0x34 ./Middlewares/Third_Party/FreeRTOS/Source/tasks.o
 .ARM.attributes
                0x000001af       0x34 ./Middlewares/Third_Party/FreeRTOS/Source/portable/GCC/ARM_CM4F/port.o
 .ARM.attributes
                0x000001e3       0x34 /opt/st/stm32cubeide_1.19.0/plugins/com.st.stm32cube.ide.mcu.externaltools.gnu-tools-for-stm32.13.3.rel1.linux64_1.0.0.202410170706/tools/bin/../lib/gcc/arm-none-eabi/13.3.1/../../../../arm-none-eabi/lib/thumb/v7e-m+fp/hard/libc_nano.a(libc_a-init.o)
 .ARM.attributes
                0x00000217       0x22 /opt/st/stm32cubeide_1.19.0/plugins/com.st.stm32cube.ide.mcu.externaltools.gnu-tools-for-stm32.13.3.rel1.linux64_1.0.0.202410170706/tools/bin/../lib/gcc/arm-none-eabi/13.3.1/thumb/v7e-m+fp/hard/crtn.o
OUTPUT(SPI driver.elf elf32-littlearm)
LOAD linker stubs
LOAD /opt/st/stm32cubeide_1.19.0/plugins/com.st.stm32cube.ide.mcu.externaltools.gnu-tools-for-stm32.13.3.rel1.linux64_1.0.0.202410170706/tools/bin/../lib/gcc/arm-none-eabi/13.3.1/../../../../arm-none-eabi/lib/thumb/v7e-m+fp/hard/libc.a
LOAD /opt/st/stm32cubeide_1.19.0/plugins/com.st.stm32cube.ide.mcu.externaltools.gnu-tools-for-stm32.13.3.rel1.linux64_1.0.0.202410170706/tools/bin/../lib/gcc/arm-none-eabi/13.3.1/../../../../arm-none-eabi/lib/thumb/v7e-m+fp/hard/libm.a
LOAD /opt/st/stm32cubeide_1.19.0/plugins/com.st.stm32cube.ide.mcu.externaltools.gnu-tools-for-stm32.13.3.rel1.linux64_1.0.0.202410170706/tools/bin/../lib/gcc/arm-none-eabi/13.3.1/thumb/v7e-m+fp/hard/libgcc.a

.debug_info     0x00000000     0x3334
 .debug_info    0x00000000      0x2f5 ./Core/Src/freertos.o
 .debug_info    0x000002f5      0x3ca ./Core/Src/function.o
 .debug_info    0x000006bf       0xa8 ./Core/Src/main.o
 .debug_info    0x00000767      0x52e ./Core/Src/system_stm32f4xx.o
 .debug_info    0x00000c95       0x30 ./Core/Startup/startup_stm32f429zitx.o
 .debug_info    0x00000cc5      0x2af ./Middlewares/Third_Party/FreeRTOS/Source/list.o
 .debug_info    0x00000f74     0x1ee2 ./Middlewares/Third_Party/FreeRTOS/Source/tasks.o
 .debug_info    0x00002e56      0x4de ./Middlewares/Third_Party/FreeRTOS/Source/portable/GCC/ARM_CM4F/port.o

.debug_abbrev   0x00000000      0xa81
 .debug_abbrev  0x00000000       0xf6 ./Core/Src/freertos.o
 .debug_abbrev  0x000000f6      0x10e ./Core/Src/function.o
 .debug_abbrev  0x00000204       0x76 ./Core/Src/main.o
 .debug_abbrev  0x0000027a      0x11a ./Core/Src/system_stm32f4xx.o
 .debug_abbrev  0x00000394       0x24 ./Core/Startup/startup_stm32f429zitx.o
 .debug_abbrev  0x000003b8       0xf5 ./Middlewares/Third_Party/FreeRTOS/Source/list.o
 .debug_abbrev  0x000004ad      0x378 ./Middlewares/Third_Party/FreeRTOS/Source/tasks.o
 .debug_abbrev  0x00000825      0x25c ./Middlewares/Third_Party/FreeRTOS/Source/portable/GCC/ARM_CM4F/port.o

.debug_aranges  0x00000000      0x370
 .debug_aranges
                0x00000000       0x38 ./Core/Src/freertos.o
 .debug_aranges
                0x00000038       0x30 ./Core/Src/function.o
 .debug_aranges
                0x00000068       0x20 ./Core/Src/main.o
 .debug_aranges
                0x00000088       0x28 ./Core/Src/system_stm32f4xx.o
 .debug_aranges
                0x000000b0       0x28 ./Core/Startup/startup_stm32f429zitx.o
 .debug_aranges
                0x000000d8       0x40 ./Middlewares/Third_Party/FreeRTOS/Source/list.o
 .debug_aranges
                0x00000118      0x1d8 ./Middlewares/Third_Party/FreeRTOS/Source/tasks.o
 .debug_aranges
                0x000002f0       0x80 ./Middlewares/Third_Party/FreeRTOS/Source/portable/GCC/ARM_CM4F/port.o

.debug_rnglists
                0x00000000      0x28a
 .debug_rnglists
                0x00000000       0x25 ./Core/Src/freertos.o
 .debug_rnglists
                0x00000025       0x20 ./Core/Src/function.o
 .debug_rnglists
                0x00000045       0x13 ./Core/Src/main.o
 .debug_rnglists
                0x00000058       0x1a ./Core/Src/system_stm32f4xx.o
 .debug_rnglists
                0x00000072       0x19 ./Core/Startup/startup_stm32f429zitx.o
 .debug_rnglists
                0x0000008b       0x2b ./Middlewares/Third_Party/FreeRTOS/Source/list.o
 .debug_rnglists
                0x000000b6      0x177 ./Middlewares/Third_Party/FreeRTOS/Source/tasks.o
 .debug_rnglists
                0x0000022d       0x5d ./Middlewares/Third_Party/FreeRTOS/Source/portable/GCC/ARM_CM4F/port.o

.debug_macro    0x00000000    0x24178
 .debug_macro   0x00000000      0x2ca ./Core/Src/freertos.o
 .debug_macro   0x000002ca      0xad8 ./Core/Src/freertos.o
 .debug_macro   0x00000da2      0x190 ./Core/Src/freertos.o
 .debug_macro   0x00000f32       0x22 ./Core/Src/freertos.o
 .debug_macro   0x00000f54       0x8e ./Core/Src/freertos.o
 .debug_macro   0x00000fe2       0x51 ./Core/Src/freertos.o
 .debug_macro   0x00001033      0x103 ./Core/Src/freertos.o
 .debug_macro   0x00001136       0x6a ./Core/Src/freertos.o
 .debug_macro   0x000011a0      0x1df ./Core/Src/freertos.o
 .debug_macro   0x0000137f      0x109 ./Core/Src/freertos.o
 .debug_macro   0x00001488      0x15a ./Core/Src/freertos.o
 .debug_macro   0x000015e2       0xde ./Core/Src/freertos.o
 .debug_macro   0x000016c0       0x1c ./Core/Src/freertos.o
 .debug_macro   0x000016dc       0x26 ./Core/Src/freertos.o
 .debug_macro   0x00001702      0x4e1 ./Core/Src/freertos.o
 .debug_macro   0x00001be3       0xb5 ./Core/Src/freertos.o
 .debug_macro   0x00001c98       0xaa ./Core/Src/freertos.o
 .debug_macro   0x00001d42      0x2c5 ./Core/Src/freertos.o
 .debug_macro   0x00002007       0x2e ./Core/Src/freertos.o
 .debug_macro   0x00002035       0x28 ./Core/Src/freertos.o
 .debug_macro   0x0000205d       0x1c ./Core/Src/freertos.o
 .debug_macro   0x00002079       0x22 ./Core/Src/freertos.o
 .debug_macro   0x0000209b       0xfb ./Core/Src/freertos.o
 .debug_macro   0x00002196     0x1011 ./Core/Src/freertos.o
 .debug_macro   0x000031a7      0x11f ./Core/Src/freertos.o
 .debug_macro   0x000032c6    0x17ff1 ./Core/Src/freertos.o
 .debug_macro   0x0001b2b7       0x6d ./Core/Src/freertos.o
 .debug_macro   0x0001b324     0x370a ./Core/Src/freertos.o
 .debug_macro   0x0001ea2e       0x5c ./Core/Src/freertos.o
 .debug_macro   0x0001ea8a      0xcba ./Core/Src/freertos.o
 .debug_macro   0x0001f744      0x9e9 ./Core/Src/freertos.o
 .debug_macro   0x0002012d      0x115 ./Core/Src/freertos.o
 .debug_macro   0x00020242      0x156 ./Core/Src/freertos.o
 .debug_macro   0x00020398       0xa5 ./Core/Src/freertos.o
 .debug_macro   0x0002043d      0x182 ./Core/Src/freertos.o
 .debug_macro   0x000205bf      0x287 ./Core/Src/freertos.o
 .debug_macro   0x00020846       0x5f ./Core/Src/freertos.o
 .debug_macro   0x000208a5      0x236 ./Core/Src/freertos.o
 .debug_macro   0x00020adb       0x22 ./Core/Src/freertos.o
 .debug_macro   0x00020afd      0x208 ./Core/Src/freertos.o
 .debug_macro   0x00020d05      0x132 ./Core/Src/freertos.o
 .debug_macro   0x00020e37      0x41d ./Core/Src/freertos.o
 .debug_macro   0x00021254       0x2e ./Core/Src/freertos.o
 .debug_macro   0x00021282      0x556 ./Core/Src/freertos.o
 .debug_macro   0x000217d8      0x1b5 ./Core/Src/freertos.o
 .debug_macro   0x0002198d       0x22 ./Core/Src/freertos.o
 .debug_macro   0x000219af       0xd6 ./Core/Src/freertos.o
 .debug_macro   0x00021a85      0x198 ./Core/Src/freertos.o
 .debug_macro   0x00021c1d       0xd6 ./Core/Src/freertos.o
 .debug_macro   0x00021cf3      0x127 ./Core/Src/freertos.o
 .debug_macro   0x00021e1a       0xe2 ./Core/Src/freertos.o
 .debug_macro   0x00021efc       0x89 ./Core/Src/freertos.o
 .debug_macro   0x00021f85      0x225 ./Core/Src/freertos.o
 .debug_macro   0x000221aa      0x8ed ./Core/Src/freertos.o
 .debug_macro   0x00022a97       0x4d ./Core/Src/freertos.o
 .debug_macro   0x00022ae4      0x2aa ./Core/Src/freertos.o
 .debug_macro   0x00022d8e      0x293 ./Core/Src/freertos.o
 .debug_macro   0x00023021       0x98 ./Core/Src/freertos.o
 .debug_macro   0x000230b9      0x134 ./Core/Src/freertos.o
 .debug_macro   0x000231ed      0x4c8 ./Core/Src/freertos.o
 .debug_macro   0x000236b5      0x25d ./Core/Src/function.o
 .debug_macro   0x00023912       0x6d ./Core/Src/main.o
 .debug_macro   0x0002397f      0x253 ./Core/Src/system_stm32f4xx.o
 .debug_macro   0x00023bd2      0x187 ./Middlewares/Third_Party/FreeRTOS/Source/list.o
 .debug_macro   0x00023d59      0x279 ./Middlewares/Third_Party/FreeRTOS/Source/tasks.o
 .debug_macro   0x00023fd2       0x10 ./Middlewares/Third_Party/FreeRTOS/Source/tasks.o
 .debug_macro   0x00023fe2      0x196 ./Middlewares/Third_Party/FreeRTOS/Source/portable/GCC/ARM_CM4F/port.o

.debug_line     0x00000000     0x4473
 .debug_line    0x00000000      0x8cf ./Core/Src/freertos.o
 .debug_line    0x000008cf      0x89d ./Core/Src/function.o
 .debug_line    0x0000116c      0x367 ./Core/Src/main.o
 .debug_line    0x000014d3      0x808 ./Core/Src/system_stm32f4xx.o
 .debug_line    0x00001cdb       0x7a ./Core/Startup/startup_stm32f429zitx.o
 .debug_line    0x00001d55      0x6c1 ./Middlewares/Third_Party/FreeRTOS/Source/list.o
 .debug_line    0x00002416     0x1907 ./Middlewares/Third_Party/FreeRTOS/Source/tasks.o
 .debug_line    0x00003d1d      0x756 ./Middlewares/Third_Party/FreeRTOS/Source/portable/GCC/ARM_CM4F/port.o

.debug_str      0x00000000    0xe73d0
 .debug_str     0x00000000    0xe73d0 ./Core/Src/freertos.o
                              0xe1ad6 (size before relaxing)
 .debug_str     0x000e73d0    0xdcd91 ./Core/Src/function.o
 .debug_str     0x000e73d0     0x3da1 ./Core/Src/main.o
 .debug_str     0x000e73d0    0xdcdbc ./Core/Src/system_stm32f4xx.o
 .debug_str     0x000e73d0       0x6d ./Core/Startup/startup_stm32f429zitx.o
 .debug_str     0x000e73d0     0xac17 ./Middlewares/Third_Party/FreeRTOS/Source/list.o
 .debug_str     0x000e73d0     0xd205 ./Middlewares/Third_Party/FreeRTOS/Source/tasks.o
 .debug_str     0x000e73d0     0x87b9 ./Middlewares/Third_Party/FreeRTOS/Source/portable/GCC/ARM_CM4F/port.o

.comment        0x00000000       0x43
 .comment       0x00000000       0x43 ./Core/Src/freertos.o
                                 0x44 (size before relaxing)
 .comment       0x00000043       0x44 ./Core/Src/function.o
 .comment       0x00000043       0x44 ./Core/Src/main.o
 .comment       0x00000043       0x44 ./Core/Src/system_stm32f4xx.o
 .comment       0x00000043       0x44 ./Middlewares/Third_Party/FreeRTOS/Source/list.o
 .comment       0x00000043       0x44 ./Middlewares/Third_Party/FreeRTOS/Source/tasks.o
 .comment       0x00000043       0x44 ./Middlewares/Third_Party/FreeRTOS/Source/portable/GCC/ARM_CM4F/port.o

.debug_frame    0x00000000      0xc54
 .debug_frame   0x00000000       0xa0 ./Core/Src/freertos.o
 .debug_frame   0x000000a0       0x78 ./Core/Src/function.o
 .debug_frame   0x00000118       0x2c ./Core/Src/main.o
 .debug_frame   0x00000144       0x58 ./Core/Src/system_stm32f4xx.o
 .debug_frame   0x0000019c       0xd8 ./Middlewares/Third_Party/FreeRTOS/Source/list.o
 .debug_frame   0x00000274      0x80c ./Middlewares/Third_Party/FreeRTOS/Source/tasks.o
 .debug_frame   0x00000a80      0x1a8 ./Middlewares/Third_Party/FreeRTOS/Source/portable/GCC/ARM_CM4F/port.o
 .debug_frame   0x00000c28       0x2c /opt/st/stm32cubeide_1.19.0/plugins/com.st.stm32cube.ide.mcu.externaltools.gnu-tools-for-stm32.13.3.rel1.linux64_1.0.0.202410170706/tools/bin/../lib/gcc/arm-none-eabi/13.3.1/../../../../arm-none-eabi/lib/thumb/v7e-m+fp/hard/libc_nano.a(libc_a-init.o)

.debug_line_str
                0x00000000       0x51
 .debug_line_str
                0x00000000       0x51 ./Core/Startup/startup_stm32f429zitx.o
